<<<<<<< HEAD
=======
mar 01, 2018 11:54:22 FM com.arkivit.model.MappingLog mappedLog
INFO: Mapped file: reflektioner_om_foeretag.rtf

mar 01, 2018 11:54:22 FM com.arkivit.model.MappingLog mappedLog
INFO: Mapped file: aaaeoeueAAAEOEUE.txt

mar 01, 2018 11:54:22 FM com.arkivit.model.MappingLog mappedLog
INFO: Mapped file: videoe

>>>>>>> e3c42deb6dcef6425bf11a571874520aa2912083
